﻿  Determinando os projetos a serem restaurados...
  Todos os projetos est├úo atualizados para restaura├º├úo.
C:\Program Files\dotnet\sdk\8.0.418\Microsoft.Common.CurrentVersion.targets(5321,5): warning MSB3026: n├úo foi poss├¡vel copiar "C:\Users\kayed\.gemini\antigravity\scratch\tts-league-website\backend\obj\Debug\net8.0\apphost.exe" para "bin\Debug\net8.0\TtsLeagueApi.exe". Iniciando nova tentativa 1 em 1000ms. The process cannot access the file 'C:\Users\kayed\.gemini\antigravity\scratch\tts-league-website\backend\bin\Debug\net8.0\TtsLeagueApi.exe' because it is being used by another process. O arquivo ├® bloqueado por: "TtsLeagueApi (30528)" [C:\Users\kayed\.gemini\antigravity\scratch\tts-league-website\backend\TtsLeagueApi.csproj]
C:\Program Files\dotnet\sdk\8.0.418\Microsoft.Common.CurrentVersion.targets(5321,5): warning MSB3026: n├úo foi poss├¡vel copiar "C:\Users\kayed\.gemini\antigravity\scratch\tts-league-website\backend\obj\Debug\net8.0\apphost.exe" para "bin\Debug\net8.0\TtsLeagueApi.exe". Iniciando nova tentativa 2 em 1000ms. The process cannot access the file 'C:\Users\kayed\.gemini\antigravity\scratch\tts-league-website\backend\bin\Debug\net8.0\TtsLeagueApi.exe' because it is being used by another process. O arquivo ├® bloqueado por: "TtsLeagueApi (30528)" [C:\Users\kayed\.gemini\antigravity\scratch\tts-league-website\backend\TtsLeagueApi.csproj]
C:\Program Files\dotnet\sdk\8.0.418\Microsoft.Common.CurrentVersion.targets(5321,5): warning MSB3026: n├úo foi poss├¡vel copiar "C:\Users\kayed\.gemini\antigravity\scratch\tts-league-website\backend\obj\Debug\net8.0\apphost.exe" para "bin\Debug\net8.0\TtsLeagueApi.exe". Iniciando nova tentativa 3 em 1000ms. The process cannot access the file 'C:\Users\kayed\.gemini\antigravity\scratch\tts-league-website\backend\bin\Debug\net8.0\TtsLeagueApi.exe' because it is being used by another process. O arquivo ├® bloqueado por: "TtsLeagueApi (30528)" [C:\Users\kayed\.gemini\antigravity\scratch\tts-league-website\backend\TtsLeagueApi.csproj]
C:\Program Files\dotnet\sdk\8.0.418\Microsoft.Common.CurrentVersion.targets(5321,5): warning MSB3026: n├úo foi poss├¡vel copiar "C:\Users\kayed\.gemini\antigravity\scratch\tts-league-website\backend\obj\Debug\net8.0\apphost.exe" para "bin\Debug\net8.0\TtsLeagueApi.exe". Iniciando nova tentativa 4 em 1000ms. The process cannot access the file 'C:\Users\kayed\.gemini\antigravity\scratch\tts-league-website\backend\bin\Debug\net8.0\TtsLeagueApi.exe' because it is being used by another process. O arquivo ├® bloqueado por: "TtsLeagueApi (30528)" [C:\Users\kayed\.gemini\antigravity\scratch\tts-league-website\backend\TtsLeagueApi.csproj]
C:\Program Files\dotnet\sdk\8.0.418\Microsoft.Common.CurrentVersion.targets(5321,5): warning MSB3026: n├úo foi poss├¡vel copiar "C:\Users\kayed\.gemini\antigravity\scratch\tts-league-website\backend\obj\Debug\net8.0\apphost.exe" para "bin\Debug\net8.0\TtsLeagueApi.exe". Iniciando nova tentativa 5 em 1000ms. The process cannot access the file 'C:\Users\kayed\.gemini\antigravity\scratch\tts-league-website\backend\bin\Debug\net8.0\TtsLeagueApi.exe' because it is being used by another process. O arquivo ├® bloqueado por: "TtsLeagueApi (30528)" [C:\Users\kayed\.gemini\antigravity\scratch\tts-league-website\backend\TtsLeagueApi.csproj]
C:\Program Files\dotnet\sdk\8.0.418\Microsoft.Common.CurrentVersion.targets(5321,5): warning MSB3026: n├úo foi poss├¡vel copiar "C:\Users\kayed\.gemini\antigravity\scratch\tts-league-website\backend\obj\Debug\net8.0\apphost.exe" para "bin\Debug\net8.0\TtsLeagueApi.exe". Iniciando nova tentativa 6 em 1000ms. The process cannot access the file 'C:\Users\kayed\.gemini\antigravity\scratch\tts-league-website\backend\bin\Debug\net8.0\TtsLeagueApi.exe' because it is being used by another process. O arquivo ├® bloqueado por: "TtsLeagueApi (30528)" [C:\Users\kayed\.gemini\antigravity\scratch\tts-league-website\backend\TtsLeagueApi.csproj]
C:\Program Files\dotnet\sdk\8.0.418\Microsoft.Common.CurrentVersion.targets(5321,5): warning MSB3026: n├úo foi poss├¡vel copiar "C:\Users\kayed\.gemini\antigravity\scratch\tts-league-website\backend\obj\Debug\net8.0\apphost.exe" para "bin\Debug\net8.0\TtsLeagueApi.exe". Iniciando nova tentativa 7 em 1000ms. The process cannot access the file 'C:\Users\kayed\.gemini\antigravity\scratch\tts-league-website\backend\bin\Debug\net8.0\TtsLeagueApi.exe' because it is being used by another process. O arquivo ├® bloqueado por: "TtsLeagueApi (30528)" [C:\Users\kayed\.gemini\antigravity\scratch\tts-league-website\backend\TtsLeagueApi.csproj]
C:\Program Files\dotnet\sdk\8.0.418\Microsoft.Common.CurrentVersion.targets(5321,5): warning MSB3026: n├úo foi poss├¡vel copiar "C:\Users\kayed\.gemini\antigravity\scratch\tts-league-website\backend\obj\Debug\net8.0\apphost.exe" para "bin\Debug\net8.0\TtsLeagueApi.exe". Iniciando nova tentativa 8 em 1000ms. The process cannot access the file 'C:\Users\kayed\.gemini\antigravity\scratch\tts-league-website\backend\bin\Debug\net8.0\TtsLeagueApi.exe' because it is being used by another process. O arquivo ├® bloqueado por: "TtsLeagueApi (30528)" [C:\Users\kayed\.gemini\antigravity\scratch\tts-league-website\backend\TtsLeagueApi.csproj]
C:\Program Files\dotnet\sdk\8.0.418\Microsoft.Common.CurrentVersion.targets(5321,5): warning MSB3026: n├úo foi poss├¡vel copiar "C:\Users\kayed\.gemini\antigravity\scratch\tts-league-website\backend\obj\Debug\net8.0\apphost.exe" para "bin\Debug\net8.0\TtsLeagueApi.exe". Iniciando nova tentativa 9 em 1000ms. The process cannot access the file 'C:\Users\kayed\.gemini\antigravity\scratch\tts-league-website\backend\bin\Debug\net8.0\TtsLeagueApi.exe' because it is being used by another process. O arquivo ├® bloqueado por: "TtsLeagueApi (30528)" [C:\Users\kayed\.gemini\antigravity\scratch\tts-league-website\backend\TtsLeagueApi.csproj]
C:\Program Files\dotnet\sdk\8.0.418\Microsoft.Common.CurrentVersion.targets(5321,5): warning MSB3026: n├úo foi poss├¡vel copiar "C:\Users\kayed\.gemini\antigravity\scratch\tts-league-website\backend\obj\Debug\net8.0\apphost.exe" para "bin\Debug\net8.0\TtsLeagueApi.exe". Iniciando nova tentativa 10 em 1000ms. The process cannot access the file 'C:\Users\kayed\.gemini\antigravity\scratch\tts-league-website\backend\bin\Debug\net8.0\TtsLeagueApi.exe' because it is being used by another process. O arquivo ├® bloqueado por: "TtsLeagueApi (30528)" [C:\Users\kayed\.gemini\antigravity\scratch\tts-league-website\backend\TtsLeagueApi.csproj]
C:\Program Files\dotnet\sdk\8.0.418\Microsoft.Common.CurrentVersion.targets(5321,5): error MSB3027: n├úo foi poss├¡vel copiar "C:\Users\kayed\.gemini\antigravity\scratch\tts-league-website\backend\obj\Debug\net8.0\apphost.exe" para "bin\Debug\net8.0\TtsLeagueApi.exe". N├║mero de novas tentativas 10 excedido. Falha. O arquivo ├® bloqueado por: "TtsLeagueApi (30528)" [C:\Users\kayed\.gemini\antigravity\scratch\tts-league-website\backend\TtsLeagueApi.csproj]
C:\Program Files\dotnet\sdk\8.0.418\Microsoft.Common.CurrentVersion.targets(5321,5): error MSB3021: N├úo ├® poss├¡vel copiar o arquivo "C:\Users\kayed\.gemini\antigravity\scratch\tts-league-website\backend\obj\Debug\net8.0\apphost.exe" para "bin\Debug\net8.0\TtsLeagueApi.exe". The process cannot access the file 'C:\Users\kayed\.gemini\antigravity\scratch\tts-league-website\backend\bin\Debug\net8.0\TtsLeagueApi.exe' because it is being used by another process. [C:\Users\kayed\.gemini\antigravity\scratch\tts-league-website\backend\TtsLeagueApi.csproj]

FALHA da compila├º├úo.

C:\Program Files\dotnet\sdk\8.0.418\Microsoft.Common.CurrentVersion.targets(5321,5): warning MSB3026: n├úo foi poss├¡vel copiar "C:\Users\kayed\.gemini\antigravity\scratch\tts-league-website\backend\obj\Debug\net8.0\apphost.exe" para "bin\Debug\net8.0\TtsLeagueApi.exe". Iniciando nova tentativa 1 em 1000ms. The process cannot access the file 'C:\Users\kayed\.gemini\antigravity\scratch\tts-league-website\backend\bin\Debug\net8.0\TtsLeagueApi.exe' because it is being used by another process. O arquivo ├® bloqueado por: "TtsLeagueApi (30528)" [C:\Users\kayed\.gemini\antigravity\scratch\tts-league-website\backend\TtsLeagueApi.csproj]
C:\Program Files\dotnet\sdk\8.0.418\Microsoft.Common.CurrentVersion.targets(5321,5): warning MSB3026: n├úo foi poss├¡vel copiar "C:\Users\kayed\.gemini\antigravity\scratch\tts-league-website\backend\obj\Debug\net8.0\apphost.exe" para "bin\Debug\net8.0\TtsLeagueApi.exe". Iniciando nova tentativa 2 em 1000ms. The process cannot access the file 'C:\Users\kayed\.gemini\antigravity\scratch\tts-league-website\backend\bin\Debug\net8.0\TtsLeagueApi.exe' because it is being used by another process. O arquivo ├® bloqueado por: "TtsLeagueApi (30528)" [C:\Users\kayed\.gemini\antigravity\scratch\tts-league-website\backend\TtsLeagueApi.csproj]
C:\Program Files\dotnet\sdk\8.0.418\Microsoft.Common.CurrentVersion.targets(5321,5): warning MSB3026: n├úo foi poss├¡vel copiar "C:\Users\kayed\.gemini\antigravity\scratch\tts-league-website\backend\obj\Debug\net8.0\apphost.exe" para "bin\Debug\net8.0\TtsLeagueApi.exe". Iniciando nova tentativa 3 em 1000ms. The process cannot access the file 'C:\Users\kayed\.gemini\antigravity\scratch\tts-league-website\backend\bin\Debug\net8.0\TtsLeagueApi.exe' because it is being used by another process. O arquivo ├® bloqueado por: "TtsLeagueApi (30528)" [C:\Users\kayed\.gemini\antigravity\scratch\tts-league-website\backend\TtsLeagueApi.csproj]
C:\Program Files\dotnet\sdk\8.0.418\Microsoft.Common.CurrentVersion.targets(5321,5): warning MSB3026: n├úo foi poss├¡vel copiar "C:\Users\kayed\.gemini\antigravity\scratch\tts-league-website\backend\obj\Debug\net8.0\apphost.exe" para "bin\Debug\net8.0\TtsLeagueApi.exe". Iniciando nova tentativa 4 em 1000ms. The process cannot access the file 'C:\Users\kayed\.gemini\antigravity\scratch\tts-league-website\backend\bin\Debug\net8.0\TtsLeagueApi.exe' because it is being used by another process. O arquivo ├® bloqueado por: "TtsLeagueApi (30528)" [C:\Users\kayed\.gemini\antigravity\scratch\tts-league-website\backend\TtsLeagueApi.csproj]
C:\Program Files\dotnet\sdk\8.0.418\Microsoft.Common.CurrentVersion.targets(5321,5): warning MSB3026: n├úo foi poss├¡vel copiar "C:\Users\kayed\.gemini\antigravity\scratch\tts-league-website\backend\obj\Debug\net8.0\apphost.exe" para "bin\Debug\net8.0\TtsLeagueApi.exe". Iniciando nova tentativa 5 em 1000ms. The process cannot access the file 'C:\Users\kayed\.gemini\antigravity\scratch\tts-league-website\backend\bin\Debug\net8.0\TtsLeagueApi.exe' because it is being used by another process. O arquivo ├® bloqueado por: "TtsLeagueApi (30528)" [C:\Users\kayed\.gemini\antigravity\scratch\tts-league-website\backend\TtsLeagueApi.csproj]
C:\Program Files\dotnet\sdk\8.0.418\Microsoft.Common.CurrentVersion.targets(5321,5): warning MSB3026: n├úo foi poss├¡vel copiar "C:\Users\kayed\.gemini\antigravity\scratch\tts-league-website\backend\obj\Debug\net8.0\apphost.exe" para "bin\Debug\net8.0\TtsLeagueApi.exe". Iniciando nova tentativa 6 em 1000ms. The process cannot access the file 'C:\Users\kayed\.gemini\antigravity\scratch\tts-league-website\backend\bin\Debug\net8.0\TtsLeagueApi.exe' because it is being used by another process. O arquivo ├® bloqueado por: "TtsLeagueApi (30528)" [C:\Users\kayed\.gemini\antigravity\scratch\tts-league-website\backend\TtsLeagueApi.csproj]
C:\Program Files\dotnet\sdk\8.0.418\Microsoft.Common.CurrentVersion.targets(5321,5): warning MSB3026: n├úo foi poss├¡vel copiar "C:\Users\kayed\.gemini\antigravity\scratch\tts-league-website\backend\obj\Debug\net8.0\apphost.exe" para "bin\Debug\net8.0\TtsLeagueApi.exe". Iniciando nova tentativa 7 em 1000ms. The process cannot access the file 'C:\Users\kayed\.gemini\antigravity\scratch\tts-league-website\backend\bin\Debug\net8.0\TtsLeagueApi.exe' because it is being used by another process. O arquivo ├® bloqueado por: "TtsLeagueApi (30528)" [C:\Users\kayed\.gemini\antigravity\scratch\tts-league-website\backend\TtsLeagueApi.csproj]
C:\Program Files\dotnet\sdk\8.0.418\Microsoft.Common.CurrentVersion.targets(5321,5): warning MSB3026: n├úo foi poss├¡vel copiar "C:\Users\kayed\.gemini\antigravity\scratch\tts-league-website\backend\obj\Debug\net8.0\apphost.exe" para "bin\Debug\net8.0\TtsLeagueApi.exe". Iniciando nova tentativa 8 em 1000ms. The process cannot access the file 'C:\Users\kayed\.gemini\antigravity\scratch\tts-league-website\backend\bin\Debug\net8.0\TtsLeagueApi.exe' because it is being used by another process. O arquivo ├® bloqueado por: "TtsLeagueApi (30528)" [C:\Users\kayed\.gemini\antigravity\scratch\tts-league-website\backend\TtsLeagueApi.csproj]
C:\Program Files\dotnet\sdk\8.0.418\Microsoft.Common.CurrentVersion.targets(5321,5): warning MSB3026: n├úo foi poss├¡vel copiar "C:\Users\kayed\.gemini\antigravity\scratch\tts-league-website\backend\obj\Debug\net8.0\apphost.exe" para "bin\Debug\net8.0\TtsLeagueApi.exe". Iniciando nova tentativa 9 em 1000ms. The process cannot access the file 'C:\Users\kayed\.gemini\antigravity\scratch\tts-league-website\backend\bin\Debug\net8.0\TtsLeagueApi.exe' because it is being used by another process. O arquivo ├® bloqueado por: "TtsLeagueApi (30528)" [C:\Users\kayed\.gemini\antigravity\scratch\tts-league-website\backend\TtsLeagueApi.csproj]
C:\Program Files\dotnet\sdk\8.0.418\Microsoft.Common.CurrentVersion.targets(5321,5): warning MSB3026: n├úo foi poss├¡vel copiar "C:\Users\kayed\.gemini\antigravity\scratch\tts-league-website\backend\obj\Debug\net8.0\apphost.exe" para "bin\Debug\net8.0\TtsLeagueApi.exe". Iniciando nova tentativa 10 em 1000ms. The process cannot access the file 'C:\Users\kayed\.gemini\antigravity\scratch\tts-league-website\backend\bin\Debug\net8.0\TtsLeagueApi.exe' because it is being used by another process. O arquivo ├® bloqueado por: "TtsLeagueApi (30528)" [C:\Users\kayed\.gemini\antigravity\scratch\tts-league-website\backend\TtsLeagueApi.csproj]
C:\Program Files\dotnet\sdk\8.0.418\Microsoft.Common.CurrentVersion.targets(5321,5): error MSB3027: n├úo foi poss├¡vel copiar "C:\Users\kayed\.gemini\antigravity\scratch\tts-league-website\backend\obj\Debug\net8.0\apphost.exe" para "bin\Debug\net8.0\TtsLeagueApi.exe". N├║mero de novas tentativas 10 excedido. Falha. O arquivo ├® bloqueado por: "TtsLeagueApi (30528)" [C:\Users\kayed\.gemini\antigravity\scratch\tts-league-website\backend\TtsLeagueApi.csproj]
C:\Program Files\dotnet\sdk\8.0.418\Microsoft.Common.CurrentVersion.targets(5321,5): error MSB3021: N├úo ├® poss├¡vel copiar o arquivo "C:\Users\kayed\.gemini\antigravity\scratch\tts-league-website\backend\obj\Debug\net8.0\apphost.exe" para "bin\Debug\net8.0\TtsLeagueApi.exe". The process cannot access the file 'C:\Users\kayed\.gemini\antigravity\scratch\tts-league-website\backend\bin\Debug\net8.0\TtsLeagueApi.exe' because it is being used by another process. [C:\Users\kayed\.gemini\antigravity\scratch\tts-league-website\backend\TtsLeagueApi.csproj]
    10 Aviso(s)
    2 Erro(s)

Tempo Decorrido 00:00:11.33
